// Jest Snapshot v1, https://goo.gl/fbAQLP

exports[`Pruebas sobre <AppRouter/> debe de mostrar correctamente  1`] = `
<div>
  <nav
    className="navbar navbar-expand-sm navbar-light bg-light"
  >
    <a
      aria-current="page"
      className="navbar-brand active"
      exact="true"
      href="/"
      onClick={[Function]}
    >
      UseContext
    </a>
    <div
      className="collapse navbar-collapse"
      id="navbarNav"
    >
      <ul
        className="navbar-nav"
      >
        <li
          className="nav-item"
        >
          <a
            aria-current="page"
            className="nav-link active"
            exact="true"
            href="/"
            onClick={[Function]}
          >
            Home
          </a>
        </li>
        <li
          className="nav-item"
        >
          <a
            className="nav-link"
            exact="true"
            href="/about"
            onClick={[Function]}
          >
            About
          </a>
        </li>
        <li
          className="nav-item"
        >
          <a
            className="nav-link"
            exact="true"
            href="/login"
            onClick={[Function]}
          >
            Login
          </a>
        </li>
      </ul>
    </div>
  </nav>
  <div>
    <h1>
      HomeScreen
    </h1>
    <hr />
    <pre>
      {
   "id": 1,
   "name": "matias"
}
    </pre>
  </div>
</div>
`;
