// Jest Snapshot v1, https://goo.gl/fbAQLP

exports[`Prueba del <Home Screen>  debe de mostrarse corretamente 1`] = `
<div>
  <h1>
    HomeScreen
  </h1>
  <hr />
  <pre>
    {
   "name": "Matias",
   "email": "matias@gmail.com"
}
  </pre>
</div>
`;
