// Jest Snapshot v1, https://goo.gl/fbAQLP

exports[`Pruebas en LoginScreen Debe de mostrarse correctamente  1`] = `
<div>
  <h1>
    LoginScreen
  </h1>
  <hr />
  <button
    className="btn btn-primary"
    onClick={[Function]}
  >
    LogIn
  </button>
</div>
`;

exports[`Pruebas en LoginScreen Prueba del <LoginScreen>  1`] = `
<div>
  <h1>
    LoginScreen
  </h1>
  <hr />
  <button
    className="btn btn-primary"
    onClick={[Function]}
  >
    LogIn
  </button>
</div>
`;
