// Jest Snapshot v1, https://goo.gl/fbAQLP

exports[`Pruebas en <PrimerApp /> Debe de mostrar <PrimerApp /> correctamente 1`] = `
<Fragment>
  <h1>
    "Matias"
  </h1>
  <p>
     
    15
     
  </p>
  <h1>
    Mi primera Aplicaci√≥n
  </h1>
</Fragment>
`;
