// Jest Snapshot v1, https://goo.gl/fbAQLP

exports[`Pruebas en <TodoApp />> Debe de mostrarse correctamente  1`] = `
<div>
  <h1>
    TodoApp: 
    0
  </h1>
  <hr />
  <div
    className="row"
  >
    <ToDoList
      handleDelete={[Function]}
      handleToggle={[Function]}
      input={Array []}
    />
    <div
      className="col-5"
    >
      <ToDoAdd
        handleAddTodo={[Function]}
      />
    </div>
  </div>
</div>
`;
